exports[`test renders without crashing 1`] = `
<button
  className="btn btn-primary"
  onClick={[Function]}>
  Add todo 
</button>
`;
